../Src/ethernetif.c:169:13:low_level_init	24	static
../Src/ethernetif.c:273:14:low_level_output	80	static
../Src/ethernetif.c:320:22:low_level_input	24	static
../Src/ethernetif.c:341:6:ethernetif_input	24	static
../Src/ethernetif.c:391:7:ethernetif_init	16	static
../Src/ethernetif.c:442:6:pbuf_free_custom	24	static
../Src/ethernetif.c:464:7:sys_now	8	static
../Src/ethernetif.c:477:6:HAL_ETH_MspInit	64	static
../Src/ethernetif.c:539:6:HAL_ETH_MspDeInit	16	static
../Src/ethernetif.c:584:9:ETH_PHY_IO_Init	8	static
../Src/ethernetif.c:601:9:ETH_PHY_IO_DeInit	4	static
../Src/ethernetif.c:613:9:ETH_PHY_IO_ReadReg	24	static
../Src/ethernetif.c:630:9:ETH_PHY_IO_WriteReg	24	static
../Src/ethernetif.c:644:9:ETH_PHY_IO_GetTick	8	static
../Src/ethernetif.c:653:6:ethernet_link_check_state	136	static
../Src/ethernetif.c:710:6:HAL_ETH_RxAllocateCallback	32	static
../Src/ethernetif.c:732:6:HAL_ETH_RxLinkCallback	56	static,ignoring_inline_asm
../Src/ethernetif.c:772:6:HAL_ETH_TxFreeCallback	16	static
